Checking Func foo
Checking return type.. 
Checking Func func
Get Expression Var Type...
Get Expression Var Type...
Get Expression Var Type...
Get Expression Var Type...
Checking assignment types... 
Get Expression Var Type...
Checking assignment types... 
Get call return type..
Get Expression Var Type...
Checking return type.. 
Get Expression Var Type...
