Checking Func fun
Checking assignment types... 
Checking assignment types... 
Checking assignment types... 
Checking assignment types... 
Checking assignment types... 
Checking assignment types... 
Checking assignment types... 
Checking assignment types... 
Checking assignment types... 
Checking assignment types... 
Checking assignment types... 
Checking assignment types... 
Checking assignment types... 
Checking assignment types... 
Checking assignment types... 
Checking assignment types... 
Checking assignment types... 
Checking assignment types... 
Checking assignment types... 
Checking assignment types... 
Checking assignment types... 
Checking assignment types... 
Checking assignment types... 
Checking assignment types... 
Checking assignment types... 
Checking assignment types... 
Checking assignment types... 
Checking assignment types... 
Checking assignment types... 
Checking assignment types... 
Checking assignment types... 
Checking assignment types... 
Checking assignment types... 
Checking assignment types... 
Checking assignment types... 
Checking assignment types... 
Checking assignment types... 
Checking assignment types... 
Checking assignment types... 
Checking assignment types... 
Checking assignment types... 
Checking assignment types... 
Checking assignment types... 
Checking assignment types... 
Checking assignment types... 
Checking assignment types... 
Checking assignment types... 
Checking assignment types... 
Checking assignment types... 
Checking assignment types... 
Checking assignment types... 
Checking assignment types... 
Checking assignment types... 
Checking assignment types... 
Checking assignment types... 
Checking assignment types... 
Checking assignment types... 
Checking assignment types... 
Checking assignment types... 
Checking assignment types... 
Checking assignment types... 
Checking assignment types... 
Checking assignment types... 
Checking assignment types... 
Checking assignment types... 
Checking assignment types... 
Checking assignment types... 
Checking assignment types... 
Checking assignment types... 
Checking assignment types... 
Checking assignment types... 
