
 Func Decl - Name: func Return Type: Char[] 
          - Paramenters Char[] string
   Assignment Var: string <- EXP: Const string: valid string
   Assignment Var: string <- EXP: Const string: valid string with 
 like break
   Assignment Var: string <- EXP: Const string: valid string with 	 tab
   Assignment Var: string <- EXP: Const string: valid string with "
   Return EXP: Var: string 

