
Func Decl - Return Type: Char[] 
          - Paramenters 
   Assignment Var: string <- EXP: Const string: valid string
   Assignment Var: string <- EXP: Const string: valid string with 
 like break
   Assignment Var: string <- EXP: Const string: valid string with 	 tab
   Assignment Var: string <- EXP: Const string: valid string with "
   Return EXP: Var: string 

