
Func Decl - Return Type: Char[] 
          - Paramenters 
   Assignment Var: string <- EXP: Const string: "valid string"
   Assignment Var: string <- EXP: Const string: "valid string with \n "
   Assignment Var: string <- EXP: Const string: "valid string with \\ "
   Assignment Var: string <- EXP: Const string: "valid string with \t "
   Assignment Var: string <- EXP: Const string: "valid string with \""
   Return EXP: Var: string 

